Reusing configuration cache.
> Task :jarJar NO-SOURCE
> Task :processTestResources NO-SOURCE
> Task :generateModMetadata UP-TO-DATE
> Task :processResources UP-TO-DATE
> Task :sourcesJar UP-TO-DATE
> Task :createMinecraftArtifacts UP-TO-DATE
> Task :compileJava UP-TO-DATE
> Task :classes UP-TO-DATE
> Task :compileTestJava NO-SOURCE
> Task :testClasses UP-TO-DATE
> Task :test NO-SOURCE
> Task :check UP-TO-DATE
> Task :jar UP-TO-DATE
> Task :assemble UP-TO-DATE
> Task :build UP-TO-DATE

BUILD SUCCESSFUL in 976ms
6 actionable tasks: 6 up-to-date
Configuration cache entry reused.
